// Jest Snapshot v1, https://goo.gl/fbAQLP

exports[`<CardRace /> match current production CardRace 1`] = `
<MemoryRouter
  initialEntries={
    Array [
      Object {
        "key": "testKey",
        "pathname": "/race/human",
      },
    ]
  }
>
  <Router
    history={
      Object {
        "action": "POP",
        "block": [Function],
        "canGo": [Function],
        "createHref": [Function],
        "entries": Array [
          Object {
            "hash": "",
            "key": "testKey",
            "pathname": "/race/human",
            "search": "",
          },
        ],
        "go": [Function],
        "goBack": [Function],
        "goForward": [Function],
        "index": 0,
        "length": 1,
        "listen": [Function],
        "location": Object {
          "hash": "",
          "key": "testKey",
          "pathname": "/race/human",
          "search": "",
        },
        "push": [Function],
        "replace": [Function],
      }
    }
  >
    <CardRace
      _placeholder="Salazar Marivaldi"
      age={
        Array [
          20,
          80,
        ]
      }
      eyes="All human variations"
      hair="All human variations"
      height="6ft (1,7m)"
      id="human"
      lang={
        Array [
          "Common",
          "..",
        ]
      }
      name="Human"
      size="Medium"
      skin="All human variations"
      special={
        Array [
          Array [
            "Bonus Skill",
            "You gain proficiency in one additional skill 
            from your class skill list.",
          ],
          Array [
            "Magical Affinity",
            "Whenever you are 5ft from a magical item you can sense 
            its magic through one of your senses. 
            Once per short rest you can increase the range of this feature 
            to 30ft for 1min, after that you lose this feature and 
            must finish a short rest to regain its passive effect. 
            Using this feature only tells you if something is magical or not, 
            nothing more than that.",
          ],
          Array [
            "Grit",
            "You can use your reaction to gain advantage on a 
            saving throw against a spell. 
            You must roll a 5 or 6 on a d6 to use this feature again.",
          ],
        ]
      }
      speed={30}
      weight="180lb (80kg)"
    >
      <figure
        className="card"
      >
        <h2>
          Human
        </h2>
        <img
          className="race-img"
          src="/test-file-stub"
        />
        <div
          className="horizontal-line"
        />
        <ul
          className="stats"
          id="race-stats"
        >
          <h3>
            Race Stats
          </h3>
          <li>
            <p>
              <b>
                Height:
              </b>
              6ft (1,7m)
              .
            </p>
          </li>
          <li>
            <p>
              <b>
                Weight:
              </b>
              180lb (80kg)
              .
            </p>
          </li>
          <li>
            <p>
              <b>
                Adulthood:
              </b>
              20
               years.
            </p>
          </li>
          <li>
            <p>
              <b>
                Lifespan:
              </b>
              80
               years.
            </p>
          </li>
          <li>
            <p>
              <b>
                Size:
              </b>
              Medium
              .
            </p>
          </li>
          <li>
            <p>
              <b>
                Speed:
              </b>
              30
              ft.
            </p>
          </li>
          <li>
            <p>
              <b>
                Speaks:
              </b>
              Common & ...
            </p>
          </li>
        </ul>
        <div
          className="horizontal-line"
        />
        <ul
          id="race-traits"
        >
          <h3>
            Race Traits
          </h3>
          <li
            key="0"
          >
            <h4>
              Bonus Skill
               :
            </h4>
            <p>
              You gain proficiency in one additional skill 
            from your class skill list.
            </p>
          </li>
          <li
            key="1"
          >
            <h4>
              Magical Affinity
               :
            </h4>
            <p>
              Whenever you are 5ft from a magical item you can sense 
            its magic through one of your senses. 
            Once per short rest you can increase the range of this feature 
            to 30ft for 1min, after that you lose this feature and 
            must finish a short rest to regain its passive effect. 
            Using this feature only tells you if something is magical or not, 
            nothing more than that.
            </p>
          </li>
          <li
            key="2"
          >
            <h4>
              Grit
               :
            </h4>
            <p>
              You can use your reaction to gain advantage on a 
            saving throw against a spell. 
            You must roll a 5 or 6 on a d6 to use this feature again.
            </p>
          </li>
        </ul>
        <div
          className="horizontal-line no-bottom"
        />
        <div
          className="lock-box"
        >
          <Link
            replace={false}
            to="/race"
          >
            <a
              href="/race"
              onClick={[Function]}
            >
              <button>
                Back
              </button>
            </a>
          </Link>
          <Link
            replace={false}
            to="/"
          >
            <a
              href="/"
              onClick={[Function]}
            >
              <button
                data-test="race-lock"
              >
                Lock
              </button>
            </a>
          </Link>
        </div>
      </figure>
    </CardRace>
  </Router>
</MemoryRouter>
`;
