// Jest Snapshot v1, https://goo.gl/fbAQLP

exports[` 1`] = `
<Provider
  store={
    Object {
      "clearActions": [Function],
      "dispatch": [Function],
      "getActions": [Function],
      "getState": [Function],
      "replaceReducer": [Function],
      "subscribe": [Function],
    }
  }
>
  <MemoryRouter
    initialEntries={
      Array [
        Object {
          "key": "testKey",
          "pathname": "/background",
        },
      ]
    }
  >
    <Router
      history={
        Object {
          "action": "POP",
          "block": [Function],
          "canGo": [Function],
          "createHref": [Function],
          "entries": Array [
            Object {
              "hash": "",
              "key": "testKey",
              "pathname": "/background",
              "search": "",
            },
          ],
          "go": [Function],
          "goBack": [Function],
          "goForward": [Function],
          "index": 0,
          "length": 1,
          "listen": [Function],
          "location": Object {
            "hash": "",
            "key": "testKey",
            "pathname": "/background",
            "search": "",
          },
          "push": [Function],
          "replace": [Function],
        }
      }
    >
      <withRouter(Connect(MenuBack))>
        <Route>
          <Connect(MenuBack)
            history={
              Object {
                "action": "POP",
                "block": [Function],
                "canGo": [Function],
                "createHref": [Function],
                "entries": Array [
                  Object {
                    "hash": "",
                    "key": "testKey",
                    "pathname": "/background",
                    "search": "",
                  },
                ],
                "go": [Function],
                "goBack": [Function],
                "goForward": [Function],
                "index": 0,
                "length": 1,
                "listen": [Function],
                "location": Object {
                  "hash": "",
                  "key": "testKey",
                  "pathname": "/background",
                  "search": "",
                },
                "push": [Function],
                "replace": [Function],
              }
            }
            location={
              Object {
                "hash": "",
                "key": "testKey",
                "pathname": "/background",
                "search": "",
              }
            }
            match={
              Object {
                "isExact": false,
                "params": Object {},
                "path": "/",
                "url": "/",
              }
            }
          >
            <MenuBack
              back={Object {}}
              getBack={[Function]}
              history={
                Object {
                  "action": "POP",
                  "block": [Function],
                  "canGo": [Function],
                  "createHref": [Function],
                  "entries": Array [
                    Object {
                      "hash": "",
                      "key": "testKey",
                      "pathname": "/background",
                      "search": "",
                    },
                  ],
                  "go": [Function],
                  "goBack": [Function],
                  "goForward": [Function],
                  "index": 0,
                  "length": 1,
                  "listen": [Function],
                  "location": Object {
                    "hash": "",
                    "key": "testKey",
                    "pathname": "/background",
                    "search": "",
                  },
                  "push": [Function],
                  "replace": [Function],
                }
              }
              location={
                Object {
                  "hash": "",
                  "key": "testKey",
                  "pathname": "/background",
                  "search": "",
                }
              }
              lockBack={[Function]}
              match={
                Object {
                  "isExact": false,
                  "params": Object {},
                  "path": "/",
                  "url": "/",
                }
              }
            >
              <section
                id="BACK"
              >
                <Switch>
                  <Route
                    computedMatch={
                      Object {
                        "isExact": true,
                        "params": Object {},
                        "path": "/background",
                        "url": "/background",
                      }
                    }
                    exact={true}
                    location={
                      Object {
                        "hash": "",
                        "key": "testKey",
                        "pathname": "/background",
                        "search": "",
                      }
                    }
                    path="/background"
                    render={[Function]}
                  >
                    <ul
                      className="selection"
                    >
                      <div
                        id="title-box"
                      >
                        <h2>
                          Player Background
                        </h2>
                        <div
                          className="horizontal-line no-bottom"
                        />
                      </div>
                      <div
                        key="0"
                      >
                        <h3>
                          Literate
                        </h3>
                        <div
                          className="horizontal-line no-bottom"
                        />
                        <ul>
                          <li
                            key="acolyte"
                          >
                            <Link
                              replace={false}
                              to="//acolyte"
                            >
                              <a
                                href="//acolyte"
                                onClick={[Function]}
                              >
                                <button
                                  id={null}
                                  name="acolyte"
                                  onClick={[Function]}
                                >
                                  acolyte
                                </button>
                              </a>
                            </Link>
                          </li>
                          <li
                            key="heretic"
                          >
                            <Link
                              replace={false}
                              to="//heretic"
                            >
                              <a
                                href="//heretic"
                                onClick={[Function]}
                              >
                                <button
                                  id={null}
                                  name="heretic"
                                  onClick={[Function]}
                                >
                                  heretic
                                </button>
                              </a>
                            </Link>
                          </li>
                          <li
                            key="noble"
                          >
                            <Link
                              replace={false}
                              to="//noble"
                            >
                              <a
                                href="//noble"
                                onClick={[Function]}
                              >
                                <button
                                  id={null}
                                  name="noble"
                                  onClick={[Function]}
                                >
                                  noble
                                </button>
                              </a>
                            </Link>
                          </li>
                          <li
                            key="sage"
                          >
                            <Link
                              replace={false}
                              to="//sage"
                            >
                              <a
                                href="//sage"
                                onClick={[Function]}
                              >
                                <button
                                  id={null}
                                  name="sage"
                                  onClick={[Function]}
                                >
                                  sage
                                </button>
                              </a>
                            </Link>
                          </li>
                        </ul>
                      </div>
                      <div
                        key="1"
                      >
                        <h3>
                          Worker
                        </h3>
                        <div
                          className="horizontal-line no-bottom"
                        />
                        <ul>
                          <li
                            key="charlatan"
                          >
                            <Link
                              replace={false}
                              to="//charlatan"
                            >
                              <a
                                href="//charlatan"
                                onClick={[Function]}
                              >
                                <button
                                  id={null}
                                  name="charlatan"
                                  onClick={[Function]}
                                >
                                  charlatan
                                </button>
                              </a>
                            </Link>
                          </li>
                          <li
                            key="criminal"
                          >
                            <Link
                              replace={false}
                              to="//criminal"
                            >
                              <a
                                href="//criminal"
                                onClick={[Function]}
                              >
                                <button
                                  id={null}
                                  name="criminal"
                                  onClick={[Function]}
                                >
                                  criminal
                                </button>
                              </a>
                            </Link>
                          </li>
                          <li
                            key="entertainer"
                          >
                            <Link
                              replace={false}
                              to="//entertainer"
                            >
                              <a
                                href="//entertainer"
                                onClick={[Function]}
                              >
                                <button
                                  id={null}
                                  name="entertainer"
                                  onClick={[Function]}
                                >
                                  entertainer
                                </button>
                              </a>
                            </Link>
                          </li>
                          <li
                            key="guild"
                          >
                            <Link
                              replace={false}
                              to="//guild"
                            >
                              <a
                                href="//guild"
                                onClick={[Function]}
                              >
                                <button
                                  id={null}
                                  name="guild"
                                  onClick={[Function]}
                                >
                                  guild
                                </button>
                              </a>
                            </Link>
                          </li>
                          <li
                            key="sailor"
                          >
                            <Link
                              replace={false}
                              to="//sailor"
                            >
                              <a
                                href="//sailor"
                                onClick={[Function]}
                              >
                                <button
                                  id={null}
                                  name="sailor"
                                  onClick={[Function]}
                                >
                                  sailor
                                </button>
                              </a>
                            </Link>
                          </li>
                          <li
                            key="soldier"
                          >
                            <Link
                              replace={false}
                              to="//soldier"
                            >
                              <a
                                href="//soldier"
                                onClick={[Function]}
                              >
                                <button
                                  id={null}
                                  name="soldier"
                                  onClick={[Function]}
                                >
                                  soldier
                                </button>
                              </a>
                            </Link>
                          </li>
                        </ul>
                      </div>
                      <div
                        key="2"
                      >
                        <h3>
                          Stranger
                        </h3>
                        <div
                          className="horizontal-line no-bottom"
                        />
                        <ul>
                          <li
                            key="dead"
                          >
                            <Link
                              replace={false}
                              to="//dead"
                            >
                              <a
                                href="//dead"
                                onClick={[Function]}
                              >
                                <button
                                  id={null}
                                  name="dead"
                                  onClick={[Function]}
                                >
                                  dead
                                </button>
                              </a>
                            </Link>
                          </li>
                          <li
                            key="polymorphed"
                          >
                            <Link
                              replace={false}
                              to="//polymorphed"
                            >
                              <a
                                href="//polymorphed"
                                onClick={[Function]}
                              >
                                <button
                                  id="long"
                                  name="polymorphed"
                                  onClick={[Function]}
                                >
                                  polymorphed
                                </button>
                              </a>
                            </Link>
                          </li>
                          <li
                            key="hermit"
                          >
                            <Link
                              replace={false}
                              to="//hermit"
                            >
                              <a
                                href="//hermit"
                                onClick={[Function]}
                              >
                                <button
                                  id={null}
                                  name="hermit"
                                  onClick={[Function]}
                                >
                                  hermit
                                </button>
                              </a>
                            </Link>
                          </li>
                          <li
                            key="outlander"
                          >
                            <Link
                              replace={false}
                              to="//outlander"
                            >
                              <a
                                href="//outlander"
                                onClick={[Function]}
                              >
                                <button
                                  id={null}
                                  name="outlander"
                                  onClick={[Function]}
                                >
                                  outlander
                                </button>
                              </a>
                            </Link>
                          </li>
                        </ul>
                      </div>
                      <div
                        key="3"
                      >
                        <h3>
                          Remarkable
                        </h3>
                        <div
                          className="horizontal-line no-bottom"
                        />
                        <ul>
                          <li
                            key="folk"
                          >
                            <Link
                              replace={false}
                              to="//folk"
                            >
                              <a
                                href="//folk"
                                onClick={[Function]}
                              >
                                <button
                                  id={null}
                                  name="folk"
                                  onClick={[Function]}
                                >
                                  folk
                                </button>
                              </a>
                            </Link>
                          </li>
                          <li
                            key="legendary"
                          >
                            <Link
                              replace={false}
                              to="//legendary"
                            >
                              <a
                                href="//legendary"
                                onClick={[Function]}
                              >
                                <button
                                  id={null}
                                  name="legendary"
                                  onClick={[Function]}
                                >
                                  legendary
                                </button>
                              </a>
                            </Link>
                          </li>
                          <li
                            key="retired"
                          >
                            <Link
                              replace={false}
                              to="//retired"
                            >
                              <a
                                href="//retired"
                                onClick={[Function]}
                              >
                                <button
                                  id={null}
                                  name="retired"
                                  onClick={[Function]}
                                >
                                  retired
                                </button>
                              </a>
                            </Link>
                          </li>
                          <li
                            key="urchin"
                          >
                            <Link
                              replace={false}
                              to="//urchin"
                            >
                              <a
                                href="//urchin"
                                onClick={[Function]}
                              >
                                <button
                                  id={null}
                                  name="urchin"
                                  onClick={[Function]}
                                >
                                  urchin
                                </button>
                              </a>
                            </Link>
                          </li>
                        </ul>
                      </div>
                    </ul>
                  </Route>
                </Switch>
              </section>
            </MenuBack>
          </Connect(MenuBack)>
        </Route>
      </withRouter(Connect(MenuBack))>
    </Router>
  </MemoryRouter>
</Provider>
`;
